{"gems":{"name":"rspec-block_is_expected","downloads":28357,"version":"1.0.5","version_created_at":"2023-04-01T23:51:04.034Z","version_downloads":16,"platform":"ruby","authors":"Peter Boling","info":"subject { Integer(nil) }; it('raises') { block_is_expected.to raise_error(TypeError) }","licenses":["MIT"],"metadata":{"wiki_uri":"https://github.com/pboling/rspec-block_is_expected/wiki","funding_uri":"https://liberapay.com/pboling","homepage_uri":"https://github.com/pboling/rspec-block_is_expected","changelog_uri":"https://github.com/pboling/rspec-block_is_expected/blob/v1.0.5/CHANGELOG.md","bug_tracker_uri":"https://github.com/pboling/rspec-block_is_expected/issues","source_code_uri":"https://github.com/pboling/rspec-block_is_expected/tree/v1.0.5","documentation_uri":"https://www.rubydoc.info/gems/rspec-block_is_expected/1.0.5","rubygems_mfa_required":"true"},"yanked":false,"sha":"f9ab9b66d711a6a1e3d38d60633ba860feecd2fd0a1be8691781418fef1caf30","project_uri":"https://rubygems.org/gems/rspec-block_is_expected","gem_uri":"https://rubygems.org/gems/rspec-block_is_expected-1.0.5.gem","homepage_uri":"https://github.com/pboling/rspec-block_is_expected","wiki_uri":"https://github.com/pboling/rspec-block_is_expected/wiki","documentation_uri":"https://www.rubydoc.info/gems/rspec-block_is_expected/1.0.5","mailing_list_uri":null,"source_code_uri":"https://github.com/pboling/rspec-block_is_expected/tree/v1.0.5","bug_tracker_uri":"https://github.com/pboling/rspec-block_is_expected/issues","changelog_uri":"https://github.com/pboling/rspec-block_is_expected/blob/v1.0.5/CHANGELOG.md","funding_uri":"https://liberapay.com/pboling","dependencies":{"development":[],"runtime":[]}},"vcs_name":"GitHub","ci":null,"vcs_error":"ERROR","vcs_uri":"https://github.com/pboling/rspec-block_is_expected/tree/v1.0.5"}